
[Errno 2] No such file or directory: 'python'
